This is pdfTeX, Version 3.141592653-2.6-1.40.27 (MiKTeX 25.4) (preloaded format=pdflatex 2025.10.20)  21 OCT 2025 09:57
entering extended mode
 restricted \write18 enabled.
 file:line:error style messages enabled.
 %&-line parsing enabled.
**c:/Users/bless/Documents/Seminar/MITS_Report_Latex/main.tex
(c:/Users/bless/Documents/Seminar/MITS_Report_Latex/main.tex
LaTeX2e <2025-06-01> patch level 1
L3 programming layer <2025-09-02>
(template.cls
Document Class: template 
(C:\Users\bless\AppData\Local\Programs\MiKTeX\tex/latex/setspace\setspace.sty
Package: setspace 2022/12/04 v6.7b set line spacing
) (C:\Users\bless\AppData\Local\Programs\MiKTeX\tex/latex/base\report.cls
Document Class: report 2025/01/22 v1.4n Standard LaTeX document class
(C:\Users\bless\AppData\Local\Programs\MiKTeX\tex/latex/base\size11.clo
File: size11.clo 2025/01/22 v1.4n Standard LaTeX file (size option)
)
\c@part=\count275
\c@chapter=\count276
\c@section=\count277
\c@subsection=\count278
\c@subsubsection=\count279
\c@paragraph=\count280
\c@subparagraph=\count281
\c@figure=\count282
\c@table=\count283
\abovecaptionskip=\skip49
\belowcaptionskip=\skip50
\bibindent=\dimen148
)) (C:\Users\bless\AppData\Local\Programs\MiKTeX\tex/latex/graphics\graphicx.sty
Package: graphicx 2024/12/31 v1.2e Enhanced LaTeX Graphics (DPC,SPQR)
 (C:\Users\bless\AppData\Local\Programs\MiKTeX\tex/latex/graphics\keyval.sty
Package: keyval 2022/05/29 v1.15 key=value parser (DPC)
\KV@toks@=\toks17
) (C:\Users\bless\AppData\Local\Programs\MiKTeX\tex/latex/graphics\graphics.sty
Package: graphics 2024/08/06 v1.4g Standard LaTeX Graphics (DPC,SPQR)
 (C:\Users\bless\AppData\Local\Programs\MiKTeX\tex/latex/graphics\trig.sty
Package: trig 2023/12/02 v1.11 sin cos tan (DPC)
) (C:\Users\bless\AppData\Local\Programs\MiKTeX\tex/latex/graphics-cfg\graphics.cfg
File: graphics.cfg 2016/06/04 v1.11 sample graphics configuration
)
Package graphics Info: Driver file: pdftex.def on input line 106.
 (C:\Users\bless\AppData\Local\Programs\MiKTeX\tex/latex/graphics-def\pdftex.def
File: pdftex.def 2025/09/29 v1.2d Graphics/color driver for pdftex
))
\Gin@req@height=\dimen149
\Gin@req@width=\dimen150
) (C:\Users\bless\AppData\Local\Programs\MiKTeX\tex/latex/geometry\geometry.sty
Package: geometry 2020/01/02 v5.9 Page Geometry
 (C:\Users\bless\AppData\Local\Programs\MiKTeX\tex/generic/iftex\ifvtex.sty
Package: ifvtex 2019/10/25 v1.7 ifvtex legacy package. Use iftex instead.
 (C:\Users\bless\AppData\Local\Programs\MiKTeX\tex/generic/iftex\iftex.sty
Package: iftex 2024/12/12 v1.0g TeX engine tests
))
\Gm@cnth=\count284
\Gm@cntv=\count285
\c@Gm@tempcnt=\count286
\Gm@bindingoffset=\dimen151
\Gm@wd@mp=\dimen152
\Gm@odd@mp=\dimen153
\Gm@even@mp=\dimen154
\Gm@layoutwidth=\dimen155
\Gm@layoutheight=\dimen156
\Gm@layouthoffset=\dimen157
\Gm@layoutvoffset=\dimen158
\Gm@dimlist=\toks18
 (C:\Users\bless\AppData\Local\Programs\MiKTeX\tex/latex/geometry\geometry.cfg)) (C:\Users\bless\AppData\Local\Programs\MiKTeX\tex/latex/tocloft\tocloft.sty
Package: tocloft 2017/08/31 v2.3i parameterised ToC, etc., typesetting
Package tocloft Info: The document has chapter divisions on input line 51.
\cftparskip=\skip51
\cftbeforetoctitleskip=\skip52
\cftaftertoctitleskip=\skip53
\cftbeforepartskip=\skip54
\cftpartnumwidth=\skip55
\cftpartindent=\skip56
\cftbeforechapskip=\skip57
\cftchapindent=\skip58
\cftchapnumwidth=\skip59
\cftbeforesecskip=\skip60
\cftsecindent=\skip61
\cftsecnumwidth=\skip62
\cftbeforesubsecskip=\skip63
\cftsubsecindent=\skip64
\cftsubsecnumwidth=\skip65
\cftbeforesubsubsecskip=\skip66
\cftsubsubsecindent=\skip67
\cftsubsubsecnumwidth=\skip68
\cftbeforeparaskip=\skip69
\cftparaindent=\skip70
\cftparanumwidth=\skip71
\cftbeforesubparaskip=\skip72
\cftsubparaindent=\skip73
\cftsubparanumwidth=\skip74
\cftbeforeloftitleskip=\skip75
\cftafterloftitleskip=\skip76
\cftbeforefigskip=\skip77
\cftfigindent=\skip78
\cftfignumwidth=\skip79
\c@lofdepth=\count287
\c@lotdepth=\count288
\cftbeforelottitleskip=\skip80
\cftafterlottitleskip=\skip81
\cftbeforetabskip=\skip82
\cfttabindent=\skip83
\cfttabnumwidth=\skip84
) (C:\Users\bless\AppData\Local\Programs\MiKTeX\tex/latex/titlesec\titlesec.sty
Package: titlesec 2025/01/04 v2.17 Sectioning titles
\ttl@box=\box53
\beforetitleunit=\skip85
\aftertitleunit=\skip86
\ttl@plus=\dimen159
\ttl@minus=\dimen160
\ttl@toksa=\toks19
\titlewidth=\dimen161
\titlewidthlast=\dimen162
\titlewidthfirst=\dimen163
) (C:\Users\bless\AppData\Local\Programs\MiKTeX\tex/latex/pdfpages\pdfpages.sty
Package: pdfpages 2025/07/23 v0.6g Insert pages of external PDF documents (AM)
 (C:\Users\bless\AppData\Local\Programs\MiKTeX\tex/latex/base\ifthen.sty
Package: ifthen 2024/03/16 v1.1e Standard LaTeX ifthen package (DPC)
) (C:\Users\bless\AppData\Local\Programs\MiKTeX\tex/latex/tools\calc.sty
Package: calc 2025/03/01 v4.3b Infix arithmetic (KKT,FJ)
\calc@Acount=\count289
\calc@Bcount=\count290
\calc@Adimen=\dimen164
\calc@Bdimen=\dimen165
\calc@Askip=\skip87
\calc@Bskip=\skip88
LaTeX Info: Redefining \setlength on input line 86.
LaTeX Info: Redefining \addtolength on input line 87.
\calc@Ccount=\count291
\calc@Cskip=\skip89
) (C:\Users\bless\AppData\Local\Programs\MiKTeX\tex/latex/eso-pic\eso-pic.sty
Package: eso-pic 2023/05/03 v3.0c eso-pic (RN)
\ESO@tempdima=\dimen166
\ESO@tempdimb=\dimen167
 (C:\Users\bless\AppData\Local\Programs\MiKTeX\tex/latex/xcolor\xcolor.sty
Package: xcolor 2024/09/29 v3.02 LaTeX color extensions (UK)
 (C:\Users\bless\AppData\Local\Programs\MiKTeX\tex/latex/graphics-cfg\color.cfg
File: color.cfg 2016/01/02 v1.6 sample color configuration
)
Package xcolor Info: Driver file: pdftex.def on input line 274.
 (C:\Users\bless\AppData\Local\Programs\MiKTeX\tex/latex/graphics\mathcolor.ltx)
Package xcolor Info: Model `cmy' substituted by `cmy0' on input line 1349.
Package xcolor Info: Model `hsb' substituted by `rgb' on input line 1353.
Package xcolor Info: Model `RGB' extended on input line 1365.
Package xcolor Info: Model `HTML' substituted by `rgb' on input line 1367.
Package xcolor Info: Model `Hsb' substituted by `hsb' on input line 1368.
Package xcolor Info: Model `tHsb' substituted by `hsb' on input line 1369.
Package xcolor Info: Model `HSB' substituted by `hsb' on input line 1370.
Package xcolor Info: Model `Gray' substituted by `gray' on input line 1371.
Package xcolor Info: Model `wave' substituted by `hsb' on input line 1372.
)) (C:\Users\bless\AppData\Local\Programs\MiKTeX\tex/latex/etoolbox\etoolbox.sty
Package: etoolbox 2025/10/02 v2.5m e-TeX tools for LaTeX (JAW)
\etb@tempcnta=\count292
)
\AM@pagewidth=\dimen168
\AM@pageheight=\dimen169
\AM@fboxrule=\dimen170
 (C:\Users\bless\AppData\Local\Programs\MiKTeX\tex/latex/pdfpages\pppdftex.def
File: pppdftex.def 2025/07/23 v0.6g Pdfpages driver for pdfTeX (AM)
)
\pdfpages@includegraphics@status=\count293
\AM@pagebox=\box54
\AM@global@opts=\toks20
\AM@pagecnt=\count294
\AM@toc@title=\toks21
\AM@lof@heading=\toks22
\c@AM@survey=\count295
\AM@templatesizebox=\box55
) (C:\Users\bless\AppData\Local\Programs\MiKTeX\tex/latex/amsmath\amsmath.sty
Package: amsmath 2025/06/16 v2.17y AMS math features
\@mathmargin=\skip90

For additional information on amsmath, use the `?' option.
(C:\Users\bless\AppData\Local\Programs\MiKTeX\tex/latex/amsmath\amstext.sty
Package: amstext 2024/11/17 v2.01 AMS text
 (C:\Users\bless\AppData\Local\Programs\MiKTeX\tex/latex/amsmath\amsgen.sty
File: amsgen.sty 1999/11/30 v2.0 generic functions
\@emptytoks=\toks23
\ex@=\dimen171
)) (C:\Users\bless\AppData\Local\Programs\MiKTeX\tex/latex/amsmath\amsbsy.sty
Package: amsbsy 1999/11/29 v1.2d Bold Symbols
\pmbraise@=\dimen172
) (C:\Users\bless\AppData\Local\Programs\MiKTeX\tex/latex/amsmath\amsopn.sty
Package: amsopn 2022/04/08 v2.04 operator names
)
\inf@bad=\count296
LaTeX Info: Redefining \frac on input line 233.
\uproot@=\count297
\leftroot@=\count298
LaTeX Info: Redefining \overline on input line 398.
LaTeX Info: Redefining \colon on input line 409.
\classnum@=\count299
\DOTSCASE@=\count300
LaTeX Info: Redefining \ldots on input line 495.
LaTeX Info: Redefining \dots on input line 498.
LaTeX Info: Redefining \cdots on input line 619.
\Mathstrutbox@=\box56
\strutbox@=\box57
LaTeX Info: Redefining \big on input line 721.
LaTeX Info: Redefining \Big on input line 722.
LaTeX Info: Redefining \bigg on input line 723.
LaTeX Info: Redefining \Bigg on input line 724.
\big@size=\dimen173
LaTeX Font Info:    Redeclaring font encoding OML on input line 742.
LaTeX Font Info:    Redeclaring font encoding OMS on input line 743.
\macc@depth=\count301
LaTeX Info: Redefining \bmod on input line 904.
LaTeX Info: Redefining \pmod on input line 909.
LaTeX Info: Redefining \smash on input line 939.
LaTeX Info: Redefining \relbar on input line 969.
LaTeX Info: Redefining \Relbar on input line 970.
\c@MaxMatrixCols=\count302
\dotsspace@=\muskip17
\c@parentequation=\count303
\dspbrk@lvl=\count304
\tag@help=\toks24
\row@=\count305
\column@=\count306
\maxfields@=\count307
\andhelp@=\toks25
\eqnshift@=\dimen174
\alignsep@=\dimen175
\tagshift@=\dimen176
\tagwidth@=\dimen177
\totwidth@=\dimen178
\lineht@=\dimen179
\@envbody=\toks26
\multlinegap=\skip91
\multlinetaggap=\skip92
\mathdisplay@stack=\toks27
LaTeX Info: Redefining \[ on input line 2949.
LaTeX Info: Redefining \] on input line 2950.
) (C:\Users\bless\AppData\Local\Programs\MiKTeX\tex/latex/amsfonts\amssymb.sty
Package: amssymb 2013/01/14 v3.01 AMS font symbols
 (C:\Users\bless\AppData\Local\Programs\MiKTeX\tex/latex/amsfonts\amsfonts.sty
Package: amsfonts 2013/01/14 v3.01 Basic AMSFonts support
\symAMSa=\mathgroup4
\symAMSb=\mathgroup5
LaTeX Font Info:    Redeclaring math symbol \hbar on input line 98.
LaTeX Font Info:    Overwriting math alphabet `\mathfrak' in version `bold'
(Font)                  U/euf/m/n --> U/euf/b/n on input line 106.
)) (C:\Users\bless\AppData\Local\Programs\MiKTeX\tex/latex/l3backend\l3backend-pdftex.def
File: l3backend-pdftex.def 2025-06-09 L3 backend support: PDF output (pdfTeX)
\l__color_backend_stack_int=\count308
) (main.aux)
\openout1 = `main.aux'.

LaTeX Font Info:    Checking defaults for OML/cmm/m/it on input line 19.
LaTeX Font Info:    ... okay on input line 19.
LaTeX Font Info:    Checking defaults for OMS/cmsy/m/n on input line 19.
LaTeX Font Info:    ... okay on input line 19.
LaTeX Font Info:    Checking defaults for OT1/cmr/m/n on input line 19.
LaTeX Font Info:    ... okay on input line 19.
LaTeX Font Info:    Checking defaults for T1/cmr/m/n on input line 19.
LaTeX Font Info:    ... okay on input line 19.
LaTeX Font Info:    Checking defaults for TS1/cmr/m/n on input line 19.
LaTeX Font Info:    ... okay on input line 19.
LaTeX Font Info:    Checking defaults for OMX/cmex/m/n on input line 19.
LaTeX Font Info:    ... okay on input line 19.
LaTeX Font Info:    Checking defaults for U/cmr/m/n on input line 19.
LaTeX Font Info:    ... okay on input line 19.
 (C:\Users\bless\AppData\Local\Programs\MiKTeX\tex/context/base/mkii\supp-pdf.mkii
[Loading MPS to PDF converter (version 2006.09.02).]
\scratchcounter=\count309
\scratchdimen=\dimen180
\scratchbox=\box58
\nofMPsegments=\count310
\nofMParguments=\count311
\everyMPshowfont=\toks28
\MPscratchCnt=\count312
\MPscratchDim=\dimen181
\MPnumerator=\count313
\makeMPintoPDFobject=\count314
\everyMPtoPDFconversion=\toks29
) (C:\Users\bless\AppData\Local\Programs\MiKTeX\tex/latex/epstopdf-pkg\epstopdf-base.sty
Package: epstopdf-base 2020-01-24 v2.11 Base part for package epstopdf
Package epstopdf-base Info: Redefining graphics rule for `.eps' on input line 485.
 (C:\Users\bless\AppData\Local\Programs\MiKTeX\tex/latex/00miktex\epstopdf-sys.cfg
File: epstopdf-sys.cfg 2021/03/18 v2.0 Configuration of epstopdf for MiKTeX
))
*geometry* driver: auto-detecting
*geometry* detected driver: pdftex
*geometry* verbose mode - [ preamble ] result:
* driver: pdftex
* paper: a4paper
* layout: <same size as paper>
* layoutoffset:(h,v)=(0.0pt,0.0pt)
* modes: 
* h-part:(L,W,R)=(71.13188pt, 455.24411pt, 71.13188pt)
* v-part:(T,H,B)=(71.13188pt, 702.78308pt, 71.13188pt)
* \paperwidth=597.50787pt
* \paperheight=845.04684pt
* \textwidth=455.24411pt
* \textheight=702.78308pt
* \oddsidemargin=-1.1381pt
* \evensidemargin=-1.1381pt
* \topmargin=-41.59085pt
* \headheight=12.0pt
* \headsep=28.45274pt
* \topskip=11.0pt
* \footskip=30.0pt
* \marginparwidth=50.0pt
* \marginparsep=10.0pt
* \columnsep=10.0pt
* \skip\footins=10.0pt plus 4.0pt minus 2.0pt
* \hoffset=0.0pt
* \voffset=0.0pt
* \mag=1000
* \@twocolumnfalse
* \@twosidefalse
* \@mparswitchfalse
* \@reversemarginfalse
* (1in=72.27pt=25.4mm, 1cm=28.453pt)

(C:\Users\bless\AppData\Local\Programs\MiKTeX\tex/latex/pdflscape\pdflscape.sty
Package: pdflscape 2022-10-27 v0.13 Display of landscape pages in PDF
 (C:\Users\bless\AppData\Local\Programs\MiKTeX\tex/latex/pdflscape\pdflscape-nometadata.sty
Package: pdflscape-nometadata 2022-10-28 v0.13 Display of landscape pages in PDF (HO)
 (C:\Users\bless\AppData\Local\Programs\MiKTeX\tex/latex/graphics\lscape.sty
Package: lscape 2020/05/28 v3.02 Landscape Pages (DPC)
)
Package pdflscape Info: Auto-detected driver: pdftex on input line 81.
))
<mits.jpg, id=1, 478.4274pt x 207.6558pt>
File: mits.jpg Graphic file (type jpg)
<use mits.jpg>
Package pdftex.def Info: mits.jpg  used on input line 43.
(pdftex.def)             Requested size: 364.19667pt x 158.07986pt.


[1

{C:/Users/bless/AppData/Local/MiKTeX/fonts/map/pdftex/pdftex.map} <./mits.jpg>]
File: mits.jpg Graphic file (type jpg)
<use mits.jpg>
Package pdftex.def Info: mits.jpg  used on input line 58.
(pdftex.def)             Requested size: 364.19667pt x 158.07986pt.

Overfull \hbox (11.56032pt too wide) in paragraph at lines 65--67
\OT1/cmr/bx/n/10.95 In-te-grat-ing Trans-form-ers in NLP'' \OT1/cmr/m/n/10.95 sub-mit-ted by \OT1/cmr/bx/n/10.95 Blessen Eby (Reg. No.: MUT22CS049)
 []


Underfull \hbox (badness 4899) in paragraph at lines 86--89
\OT1/cmr/m/it/10.95 Head of the De-part-ment,
 []



[1] (chapter/acknowledgements.tex)

[2] (main.toc
LaTeX Font Info:    Trying to load font information for U+msa on input line 1.
 (C:\Users\bless\AppData\Local\Programs\MiKTeX\tex/latex/amsfonts\umsa.fd
File: umsa.fd 2013/01/14 v3.01 AMS symbols A
)
LaTeX Font Info:    Trying to load font information for U+msb on input line 1.
 (C:\Users\bless\AppData\Local\Programs\MiKTeX\tex/latex/amsfonts\umsb.fd
File: umsb.fd 2013/01/14 v3.01 AMS symbols B
)

[3]

[4])
\tf@toc=\write3
\openout3 = `main.toc'.



[5] (chapter/abstract.tex)

[6

] (main.lof

[7])
\tf@lof=\write4
\openout4 = `main.lof'.



[8] (main.lot)
\tf@lot=\write5
\openout5 = `main.lot'.



[9] (chapter/abbreviation.tex)
Overfull \hbox (37.90305pt too wide) in paragraph at lines 3--132
[]
 []


Underfull \hbox (badness 10000) in paragraph at lines 3--132

 []



[10] (chapter/introduction.tex
Chapter 1.


[11

]
<images/transformer_architecture.png, id=55, 642.4pt x 459.7175pt>
File: images/transformer_architecture.png Graphic file (type png)
<use images/transformer_architecture.png>
Package pdftex.def Info: images/transformer_architecture.png  used on input line 63.
(pdftex.def)             Requested size: 409.71692pt x 293.20807pt.


LaTeX Warning: `!h' float specifier changed to `!ht'.



[12]

[13 <./images/transformer_architecture.png>]

[14]

[15]

[16]
Overfull \hbox (1.9793pt too wide) in paragraph at lines 217--220
\OT1/cmr/m/n/10.95 A sig-nif-i-cant ad-vance-ment high-lighted in the base pa-per is the trend to-ward \OT1/cmr/bx/n/10.95 hard-ware{software
 []



[17]

[18]

[19]
Overfull \hbox (11.53072pt too wide) in paragraph at lines 316--319
\OT1/cmr/m/n/10.95 ing that tran-scends lex-i-cal over-lap, mak-ing in-for-ma-tion re-trieval sys-tems gen-uinely \understanding-
 []



[20]
Overfull \hbox (3.86568pt too wide) in paragraph at lines 338--340
\OT1/cmr/m/n/10.95 The lit-er-a-ture col-lec-tively cap-tures a spec-trum of ad-vance-ment in trans-former de-vel-op-ment|from
 []



[21]

[22])

[23] (chapter/literature survey.tex
Chapter 2.


[24

]
<images/paper1_gpt_comparison.png, id=102, 812.28468pt x 431.36156pt>
File: images/paper1_gpt_comparison.png Graphic file (type png)
<use images/paper1_gpt_comparison.png>
Package pdftex.def Info: images/paper1_gpt_comparison.png  used on input line 48.
(pdftex.def)             Requested size: 409.71692pt x 217.57587pt.


[25 <./images/paper1_gpt_comparison.png>]
<images/paper1_gpt_evolution.png, id=107, 520.19344pt x 228.855pt>
File: images/paper1_gpt_evolution.png Graphic file (type png)
<use images/paper1_gpt_evolution.png>
Package pdftex.def Info: images/paper1_gpt_evolution.png  used on input line 83.
(pdftex.def)             Requested size: 364.19667pt x 160.22533pt.


[26 <./images/paper1_gpt_evolution.png>]
<images/paper1_gpt_enabling.png, id=112, 694.84593pt x 403.5075pt>
File: images/paper1_gpt_enabling.png Graphic file (type png)
<use images/paper1_gpt_enabling.png>
Package pdftex.def Info: images/paper1_gpt_enabling.png  used on input line 114.
(pdftex.def)             Requested size: 409.71692pt x 237.92575pt.


[27 <./images/paper1_gpt_enabling.png>]

[28]

[29]
<images/paper2_quantization_results.png, id=123, 1081.03876pt x 442.65375pt>
File: images/paper2_quantization_results.png Graphic file (type png)
<use images/paper2_quantization_results.png>
Package pdftex.def Info: images/paper2_quantization_results.png  used on input line 199.
(pdftex.def)             Requested size: 364.19667pt x 149.12239pt.


[30 <./images/paper2_quantization_results.png>]
Overfull \hbox (14.45522pt too wide) in paragraph at lines 253--253
|[]\OT1/cmr/bx/n/14.4 Paper 3: Dis-til-BERT | A Dis-tilled Ver-sion of BERT: Smaller,
 []



[31]
<images/paper3_distillation_pipeline.png, id=132, 520.19344pt x 258.9675pt>
File: images/paper3_distillation_pipeline.png Graphic file (type png)
<use images/paper3_distillation_pipeline.png>
Package pdftex.def Info: images/paper3_distillation_pipeline.png  used on input line 294.
(pdftex.def)             Requested size: 364.19667pt x 181.3076pt.


LaTeX Warning: `!h' float specifier changed to `!ht'.



[32]

[33 <./images/paper3_distillation_pipeline.png>]

[34]

LaTeX Warning: `!h' float specifier changed to `!ht'.



[35]

[36])

[37] (chapter/comparison.tex
Chapter 3.


[38

]
Overfull \hbox (7.43864pt too wide) in paragraph at lines 27--28
[]\OT1/cmr/bx/n/10.95 Inference Op-ti-miza-tion: \OT1/cmr/m/n/10.95 Model com-pres-sion (quan-ti-za-tion, prun-ing, dis-til-la-tion), caching
 []



[39]

[40]
<images/comparison_quantization_flow.png, id=162, 551.05875pt x 110.66344pt>
File: images/comparison_quantization_flow.png Graphic file (type png)
<use images/comparison_quantization_flow.png>
Package pdftex.def Info: images/comparison_quantization_flow.png  used on input line 96.
(pdftex.def)             Requested size: 364.19667pt x 73.14108pt.


LaTeX Warning: `!h' float specifier changed to `!ht'.



[41]
<images/comparison_distillation_vs_scaling.png, id=166, 1218.05063pt x 134.75343pt>
File: images/comparison_distillation_vs_scaling.png Graphic file (type png)
<use images/comparison_distillation_vs_scaling.png>
Package pdftex.def Info: images/comparison_distillation_vs_scaling.png  used on input line 121.
(pdftex.def)             Requested size: 455.24411pt x 50.3638pt.


[42 <./images/comparison_quantization_flow.png> <./images/comparison_distillation_vs_scaling.png>]
<images/comparison_task_vs_architecture.png, id=173, 253.69781pt x 67.0003pt>
File: images/comparison_task_vs_architecture.png Graphic file (type png)
<use images/comparison_task_vs_architecture.png>
Package pdftex.def Info: images/comparison_task_vs_architecture.png  used on input line 142.
(pdftex.def)             Requested size: 364.19667pt x 96.1859pt.


[43 <./images/comparison_task_vs_architecture.png>]
Underfull \hbox (badness 10000) in paragraph at lines 157--157
[]\OT1/cmr/bx/n/10.95 Primary Ob-jec-
 []


Underfull \hbox (badness 10000) in paragraph at lines 157--157
[]\OT1/cmr/bx/n/10.95 Contribution
 []


Underfull \hbox (badness 10000) in paragraph at lines 158--158
[]\OT1/cmr/m/n/10.95 Yenduri et al.
 []


Underfull \hbox (badness 10000) in paragraph at lines 158--158
\OT1/cmr/m/n/10.95 ing of gen-er-a-tive
 []


Underfull \hbox (badness 10000) in paragraph at lines 158--158
[]\OT1/cmr/m/n/10.95 GPT (1{4),
 []


Underfull \hbox (badness 10000) in paragraph at lines 158--158
\OT1/cmr/m/n/10.95 RLHF, au-tore-
 []


Underfull \hbox (badness 10000) in paragraph at lines 158--158
[]\OT1/cmr/m/n/10.95 Cognitive mod-
 []


Underfull \hbox (badness 3492) in paragraph at lines 158--158
\OT1/cmr/m/n/10.95 el-ing, gen-er-a-tive
 []


Underfull \hbox (badness 10000) in paragraph at lines 159--159
[]\OT1/cmr/m/n/10.95 Ur Rah-man et
 []


Underfull \hbox (badness 2351) in paragraph at lines 159--159
\OT1/cmr/m/n/10.95 al. (Quan-tized
 []


Underfull \hbox (badness 10000) in paragraph at lines 159--159
[]\OT1/cmr/m/n/10.95 Quantization
 []


Underfull \hbox (badness 10000) in paragraph at lines 159--159
[]\OT1/cmr/m/n/10.95 Hardware-aware
 []


Underfull \hbox (badness 10000) in paragraph at lines 160--160
[]\OT1/cmr/m/n/10.95 Compress BERT
 []


Underfull \hbox (badness 10000) in paragraph at lines 160--160
\OT1/cmr/m/n/10.95 while main-tain-ing
 []


Underfull \hbox (badness 10000) in paragraph at lines 160--160
[]\OT1/cmr/m/n/10.95 Teacher{student
 []


Underfull \hbox (badness 1448) in paragraph at lines 160--160
[]\OT1/cmr/m/n/10.95 Model-level op-ti-
 []


Underfull \hbox (badness 10000) in paragraph at lines 161--161
[]\OT1/cmr/m/n/10.95 Azizah et al.
 []


Underfull \hbox (badness 10000) in paragraph at lines 161--161
\OT1/cmr/m/n/10.95 (Trans-former
 []


Underfull \hbox (badness 10000) in paragraph at lines 161--161
[]\OT1/cmr/m/n/10.95 Evaluate trans-
 []


Underfull \hbox (badness 2035) in paragraph at lines 161--161
\OT1/cmr/m/n/10.95 former vari-ants for
 []


Underfull \hbox (badness 10000) in paragraph at lines 161--161
[]\OT1/cmr/m/n/10.95 Task-level ef-fi-
 []


Underfull \hbox (badness 8132) in paragraph at lines 162--162
[]\OT1/cmr/m/n/10.95 Jahangir et al.
 []


Underfull \hbox (badness 10000) in paragraph at lines 162--162
[]\OT1/cmr/m/n/10.95 Quantization,
 []


Underfull \hbox (badness 10000) in paragraph at lines 162--162
\OT1/cmr/m/n/10.95 prun-ing, mixed
 []


Underfull \hbox (badness 5316) in paragraph at lines 162--162
\OT1/cmr/m/n/10.95 pre-ci-sion, par-al-
 []


Underfull \hbox (badness 5939) in paragraph at lines 162--162
[]\OT1/cmr/m/n/10.95 System-level op-
 []


Overfull \hbox (17.32082pt too wide) in paragraph at lines 155--164
 [][] 
 []



[44]
<images/base_training_table.png, id=181, 255.20343pt x 207.77625pt>
File: images/base_training_table.png Graphic file (type png)
<use images/base_training_table.png>
Package pdftex.def Info: images/base_training_table.png  used on input line 187.
(pdftex.def)             Requested size: 409.71692pt x 333.59328pt.


LaTeX Warning: `!h' float specifier changed to `!ht'.


Overfull \hbox (1.28014pt too wide) in paragraph at lines 192--193
\OT1/cmr/m/n/10.95 Inference op-ti-miza-tion fo-cuses on post-training im-prove-ments such as prun-ing re-dun-dant weights,
 []

<images/base_inference_table.png, id=182, 255.20343pt x 219.06844pt>
File: images/base_inference_table.png Graphic file (type png)
<use images/base_inference_table.png>
Package pdftex.def Info: images/base_inference_table.png  used on input line 203.
(pdftex.def)             Requested size: 409.71692pt x 351.72336pt.

LaTeX Warning: `!h' float specifier changed to `!ht'.

<images/base_gradients.png, id=183, 230.36063pt x 268.00125pt>
File: images/base_gradients.png Graphic file (type png)
<use images/base_gradients.png>
Package pdftex.def Info: images/base_gradients.png  used on input line 213.
(pdftex.def)             Requested size: 409.71692pt x 476.69719pt.

LaTeX Warning: `!h' float specifier changed to `!ht'.

<images/base_accuracy_graph.png, id=184, 258.9675pt x 214.55156pt>
File: images/base_accuracy_graph.png Graphic file (type png)
<use images/base_accuracy_graph.png>
Package pdftex.def Info: images/base_accuracy_graph.png  used on input line 226.
(pdftex.def)             Requested size: 409.71692pt x 339.48207pt.

LaTeX Warning: `!h' float specifier changed to `!ht'.



[45])

[46 <./images/base_training_table.png>] (chapter/conclusion.tex

[47 <./images/base_inference_table.png>]

[48 <./images/base_gradients.png>]

[49 <./images/base_accuracy_graph.png>]
Chapter 4.


[50

]
Overfull \hbox (18.58743pt too wide) in paragraph at lines 38--40
\OT1/cmr/m/n/10.95 tec-tural re-engineering|parameter shar-ing, dy-namic mask-ing, and ex-tended pre-training|can
 []



[51]

[52]

[53])

[54] (chapter/bibliography.tex)

[55

] (chapter/appendixA.tex
<pdfs/seminar_ppt.pdf, id=224, 903.375pt x 508.90125pt>
File: pdfs/seminar_ppt.pdf Graphic file (type pdf)
<use pdfs/seminar_ppt.pdf>
Package pdftex.def Info: pdfs/seminar_ppt.pdf  used on input line 18.
(pdftex.def)             Requested size: 903.3728pt x 508.90001pt.
<pdfs/seminar_ppt.pdf, id=226, page=1, 903.375pt x 508.90125pt>
File: pdfs/seminar_ppt.pdf Graphic file (type pdf)
<use pdfs/seminar_ppt.pdf, page 1>
Package pdftex.def Info: pdfs/seminar_ppt.pdf , page1 used on input line 18.
(pdftex.def)             Requested size: 903.3728pt x 508.90001pt.
File: pdfs/seminar_ppt.pdf Graphic file (type pdf)
<use pdfs/seminar_ppt.pdf, page 1>
Package pdftex.def Info: pdfs/seminar_ppt.pdf , page1 used on input line 18.
(pdftex.def)             Requested size: 858.2014pt x 483.45345pt.
File: pdfs/seminar_ppt.pdf Graphic file (type pdf)
<use pdfs/seminar_ppt.pdf, page 1>
Package pdftex.def Info: pdfs/seminar_ppt.pdf , page1 used on input line 18.
(pdftex.def)             Requested size: 858.2014pt x 483.45345pt.
File: pdfs/seminar_ppt.pdf Graphic file (type pdf)
<use pdfs/seminar_ppt.pdf, page 1>
Package pdftex.def Info: pdfs/seminar_ppt.pdf , page1 used on input line 18.
(pdftex.def)             Requested size: 858.2014pt x 483.45345pt.
<pdfs/seminar_ppt.pdf, id=227, page=2, 903.375pt x 508.90125pt>
File: pdfs/seminar_ppt.pdf Graphic file (type pdf)
<use pdfs/seminar_ppt.pdf, page 2>
Package pdftex.def Info: pdfs/seminar_ppt.pdf , page2 used on input line 18.
(pdftex.def)             Requested size: 858.2014pt x 483.45345pt.
File: pdfs/seminar_ppt.pdf Graphic file (type pdf)
<use pdfs/seminar_ppt.pdf, page 2>
Package pdftex.def Info: pdfs/seminar_ppt.pdf , page2 used on input line 18.
(pdftex.def)             Requested size: 858.2014pt x 483.45345pt.


File: pdfs/seminar_ppt.pdf Graphic file (type pdf)
<use pdfs/seminar_ppt.pdf, page 1>
Package pdftex.def Info: pdfs/seminar_ppt.pdf , page1 used on input line 18.
(pdftex.def)             Requested size: 858.2014pt x 483.45345pt.
File: pdfs/seminar_ppt.pdf Graphic file (type pdf)
<use pdfs/seminar_ppt.pdf, page 2>
Package pdftex.def Info: pdfs/seminar_ppt.pdf , page2 used on input line 18.
(pdftex.def)             Requested size: 858.2014pt x 483.45345pt.
[56


 <./pdfs/seminar_ppt.pdf> <./pdfs/seminar_ppt.pdf>]
File: pdfs/seminar_ppt.pdf Graphic file (type pdf)
<use pdfs/seminar_ppt.pdf>
Package pdftex.def Info: pdfs/seminar_ppt.pdf  used on input line 21.
(pdftex.def)             Requested size: 903.3728pt x 508.90001pt.
<pdfs/seminar_ppt.pdf, id=295, page=3, 903.375pt x 722.7pt>
File: pdfs/seminar_ppt.pdf Graphic file (type pdf)
<use pdfs/seminar_ppt.pdf, page 3>
Package pdftex.def Info: pdfs/seminar_ppt.pdf , page3 used on input line 21.
(pdftex.def)             Requested size: 903.3728pt x 722.69823pt.
File: pdfs/seminar_ppt.pdf Graphic file (type pdf)
<use pdfs/seminar_ppt.pdf, page 3>
Package pdftex.def Info: pdfs/seminar_ppt.pdf , page3 used on input line 21.
(pdftex.def)             Requested size: 858.2014pt x 686.5611pt.
File: pdfs/seminar_ppt.pdf Graphic file (type pdf)
<use pdfs/seminar_ppt.pdf, page 3>
Package pdftex.def Info: pdfs/seminar_ppt.pdf , page3 used on input line 21.
(pdftex.def)             Requested size: 858.2014pt x 686.5611pt.
File: pdfs/seminar_ppt.pdf Graphic file (type pdf)
<use pdfs/seminar_ppt.pdf, page 3>
Package pdftex.def Info: pdfs/seminar_ppt.pdf , page3 used on input line 21.
(pdftex.def)             Requested size: 858.2014pt x 686.5611pt.
<pdfs/seminar_ppt.pdf, id=296, page=4, 903.375pt x 722.7pt>
File: pdfs/seminar_ppt.pdf Graphic file (type pdf)
<use pdfs/seminar_ppt.pdf, page 4>
Package pdftex.def Info: pdfs/seminar_ppt.pdf , page4 used on input line 21.
(pdftex.def)             Requested size: 858.2014pt x 686.5611pt.
File: pdfs/seminar_ppt.pdf Graphic file (type pdf)
<use pdfs/seminar_ppt.pdf, page 4>
Package pdftex.def Info: pdfs/seminar_ppt.pdf , page4 used on input line 21.
(pdftex.def)             Requested size: 858.2014pt x 686.5611pt.


File: pdfs/seminar_ppt.pdf Graphic file (type pdf)
<use pdfs/seminar_ppt.pdf, page 3>
Package pdftex.def Info: pdfs/seminar_ppt.pdf , page3 used on input line 21.
(pdftex.def)             Requested size: 858.2014pt x 686.5611pt.
File: pdfs/seminar_ppt.pdf Graphic file (type pdf)
<use pdfs/seminar_ppt.pdf, page 4>
Package pdftex.def Info: pdfs/seminar_ppt.pdf , page4 used on input line 21.
(pdftex.def)             Requested size: 858.2014pt x 686.5611pt.
[57

 <./pdfs/seminar_ppt.pdf> <./pdfs/seminar_ppt.pdf>]
File: pdfs/seminar_ppt.pdf Graphic file (type pdf)
<use pdfs/seminar_ppt.pdf>
Package pdftex.def Info: pdfs/seminar_ppt.pdf  used on input line 24.
(pdftex.def)             Requested size: 903.3728pt x 508.90001pt.
<pdfs/seminar_ppt.pdf, id=347, page=5, 903.375pt x 1062.21844pt>
File: pdfs/seminar_ppt.pdf Graphic file (type pdf)
<use pdfs/seminar_ppt.pdf, page 5>
Package pdftex.def Info: pdfs/seminar_ppt.pdf , page5 used on input line 24.
(pdftex.def)             Requested size: 903.3728pt x 1062.21585pt.
File: pdfs/seminar_ppt.pdf Graphic file (type pdf)
<use pdfs/seminar_ppt.pdf, page 5>
Package pdftex.def Info: pdfs/seminar_ppt.pdf , page5 used on input line 24.
(pdftex.def)             Requested size: 858.2014pt x 1009.1018pt.
File: pdfs/seminar_ppt.pdf Graphic file (type pdf)
<use pdfs/seminar_ppt.pdf, page 5>
Package pdftex.def Info: pdfs/seminar_ppt.pdf , page5 used on input line 24.
(pdftex.def)             Requested size: 858.2014pt x 1009.1018pt.
File: pdfs/seminar_ppt.pdf Graphic file (type pdf)
<use pdfs/seminar_ppt.pdf, page 5>
Package pdftex.def Info: pdfs/seminar_ppt.pdf , page5 used on input line 24.
(pdftex.def)             Requested size: 858.2014pt x 1009.1018pt.


File: pdfs/seminar_ppt.pdf Graphic file (type pdf)
<use pdfs/seminar_ppt.pdf, page 5>
Package pdftex.def Info: pdfs/seminar_ppt.pdf , page5 used on input line 24.
(pdftex.def)             Requested size: 858.2014pt x 1009.1018pt.
[58

 <./pdfs/seminar_ppt.pdf>]
File: pdfs/seminar_ppt.pdf Graphic file (type pdf)
<use pdfs/seminar_ppt.pdf>
Package pdftex.def Info: pdfs/seminar_ppt.pdf  used on input line 27.
(pdftex.def)             Requested size: 903.3728pt x 508.90001pt.
<pdfs/seminar_ppt.pdf, id=442, page=6, 903.375pt x 662.475pt>
File: pdfs/seminar_ppt.pdf Graphic file (type pdf)
<use pdfs/seminar_ppt.pdf, page 6>
Package pdftex.def Info: pdfs/seminar_ppt.pdf , page6 used on input line 27.
(pdftex.def)             Requested size: 903.3728pt x 662.47339pt.
File: pdfs/seminar_ppt.pdf Graphic file (type pdf)
<use pdfs/seminar_ppt.pdf, page 6>
Package pdftex.def Info: pdfs/seminar_ppt.pdf , page6 used on input line 27.
(pdftex.def)             Requested size: 858.2014pt x 629.34769pt.
File: pdfs/seminar_ppt.pdf Graphic file (type pdf)
<use pdfs/seminar_ppt.pdf, page 6>
Package pdftex.def Info: pdfs/seminar_ppt.pdf , page6 used on input line 27.
(pdftex.def)             Requested size: 858.2014pt x 629.34769pt.
File: pdfs/seminar_ppt.pdf Graphic file (type pdf)
<use pdfs/seminar_ppt.pdf, page 6>
Package pdftex.def Info: pdfs/seminar_ppt.pdf , page6 used on input line 27.
(pdftex.def)             Requested size: 858.2014pt x 629.34769pt.
<pdfs/seminar_ppt.pdf, id=443, page=7, 903.375pt x 734.745pt>
File: pdfs/seminar_ppt.pdf Graphic file (type pdf)
<use pdfs/seminar_ppt.pdf, page 7>
Package pdftex.def Info: pdfs/seminar_ppt.pdf , page7 used on input line 27.
(pdftex.def)             Requested size: 858.2014pt x 698.00378pt.
File: pdfs/seminar_ppt.pdf Graphic file (type pdf)
<use pdfs/seminar_ppt.pdf, page 7>
Package pdftex.def Info: pdfs/seminar_ppt.pdf , page7 used on input line 27.
(pdftex.def)             Requested size: 858.2014pt x 698.00378pt.


File: pdfs/seminar_ppt.pdf Graphic file (type pdf)
<use pdfs/seminar_ppt.pdf, page 6>
Package pdftex.def Info: pdfs/seminar_ppt.pdf , page6 used on input line 27.
(pdftex.def)             Requested size: 858.2014pt x 629.34769pt.
File: pdfs/seminar_ppt.pdf Graphic file (type pdf)
<use pdfs/seminar_ppt.pdf, page 7>
Package pdftex.def Info: pdfs/seminar_ppt.pdf , page7 used on input line 27.
(pdftex.def)             Requested size: 858.2014pt x 698.00378pt.
[59

 <./pdfs/seminar_ppt.pdf> <./pdfs/seminar_ppt.pdf>]
<pdfs/seminar_ppt.pdf, id=564, page=8, 903.375pt x 746.03719pt>
File: pdfs/seminar_ppt.pdf Graphic file (type pdf)
<use pdfs/seminar_ppt.pdf, page 8>
Package pdftex.def Info: pdfs/seminar_ppt.pdf , page8 used on input line 27.
(pdftex.def)             Requested size: 858.2014pt x 708.73131pt.
File: pdfs/seminar_ppt.pdf Graphic file (type pdf)
<use pdfs/seminar_ppt.pdf, page 8>
Package pdftex.def Info: pdfs/seminar_ppt.pdf , page8 used on input line 27.
(pdftex.def)             Requested size: 858.2014pt x 708.73131pt.
<pdfs/seminar_ppt.pdf, id=565, page=9, 903.375pt x 695.59875pt>
File: pdfs/seminar_ppt.pdf Graphic file (type pdf)
<use pdfs/seminar_ppt.pdf, page 9>
Package pdftex.def Info: pdfs/seminar_ppt.pdf , page9 used on input line 27.
(pdftex.def)             Requested size: 858.2014pt x 660.81508pt.
File: pdfs/seminar_ppt.pdf Graphic file (type pdf)
<use pdfs/seminar_ppt.pdf, page 9>
Package pdftex.def Info: pdfs/seminar_ppt.pdf , page9 used on input line 27.
(pdftex.def)             Requested size: 858.2014pt x 660.81508pt.


File: pdfs/seminar_ppt.pdf Graphic file (type pdf)
<use pdfs/seminar_ppt.pdf, page 8>
Package pdftex.def Info: pdfs/seminar_ppt.pdf , page8 used on input line 27.
(pdftex.def)             Requested size: 858.2014pt x 708.73131pt.
File: pdfs/seminar_ppt.pdf Graphic file (type pdf)
<use pdfs/seminar_ppt.pdf, page 9>
Package pdftex.def Info: pdfs/seminar_ppt.pdf , page9 used on input line 27.
(pdftex.def)             Requested size: 858.2014pt x 660.81508pt.
[60

 <./pdfs/seminar_ppt.pdf> <./pdfs/seminar_ppt.pdf>]
<pdfs/seminar_ppt.pdf, id=669, page=10, 903.375pt x 662.475pt>
File: pdfs/seminar_ppt.pdf Graphic file (type pdf)
<use pdfs/seminar_ppt.pdf, page 10>
Package pdftex.def Info: pdfs/seminar_ppt.pdf , page10 used on input line 27.
(pdftex.def)             Requested size: 858.2014pt x 629.34769pt.
File: pdfs/seminar_ppt.pdf Graphic file (type pdf)
<use pdfs/seminar_ppt.pdf, page 10>
Package pdftex.def Info: pdfs/seminar_ppt.pdf , page10 used on input line 27.
(pdftex.def)             Requested size: 858.2014pt x 629.34769pt.
<pdfs/seminar_ppt.pdf, id=670, page=11, 903.375pt x 706.89093pt>
File: pdfs/seminar_ppt.pdf Graphic file (type pdf)
<use pdfs/seminar_ppt.pdf, page 11>
Package pdftex.def Info: pdfs/seminar_ppt.pdf , page11 used on input line 27.
(pdftex.def)             Requested size: 858.2014pt x 671.54259pt.
File: pdfs/seminar_ppt.pdf Graphic file (type pdf)
<use pdfs/seminar_ppt.pdf, page 11>
Package pdftex.def Info: pdfs/seminar_ppt.pdf , page11 used on input line 27.
(pdftex.def)             Requested size: 858.2014pt x 671.54259pt.


File: pdfs/seminar_ppt.pdf Graphic file (type pdf)
<use pdfs/seminar_ppt.pdf, page 10>
Package pdftex.def Info: pdfs/seminar_ppt.pdf , page10 used on input line 27.
(pdftex.def)             Requested size: 858.2014pt x 629.34769pt.
File: pdfs/seminar_ppt.pdf Graphic file (type pdf)
<use pdfs/seminar_ppt.pdf, page 11>
Package pdftex.def Info: pdfs/seminar_ppt.pdf , page11 used on input line 27.
(pdftex.def)             Requested size: 858.2014pt x 671.54259pt.
[61

 <./pdfs/seminar_ppt.pdf> <./pdfs/seminar_ppt.pdf>]
File: pdfs/seminar_ppt.pdf Graphic file (type pdf)
<use pdfs/seminar_ppt.pdf>
Package pdftex.def Info: pdfs/seminar_ppt.pdf  used on input line 30.
(pdftex.def)             Requested size: 903.3728pt x 508.90001pt.
<pdfs/seminar_ppt.pdf, id=783, page=12, 903.375pt x 1020.81369pt>
File: pdfs/seminar_ppt.pdf Graphic file (type pdf)
<use pdfs/seminar_ppt.pdf, page 12>
Package pdftex.def Info: pdfs/seminar_ppt.pdf , page12 used on input line 30.
(pdftex.def)             Requested size: 903.3728pt x 1020.8112pt.
File: pdfs/seminar_ppt.pdf Graphic file (type pdf)
<use pdfs/seminar_ppt.pdf, page 12>
Package pdftex.def Info: pdfs/seminar_ppt.pdf , page12 used on input line 30.
(pdftex.def)             Requested size: 858.2014pt x 969.76752pt.
File: pdfs/seminar_ppt.pdf Graphic file (type pdf)
<use pdfs/seminar_ppt.pdf, page 12>
Package pdftex.def Info: pdfs/seminar_ppt.pdf , page12 used on input line 30.
(pdftex.def)             Requested size: 858.2014pt x 969.76752pt.
File: pdfs/seminar_ppt.pdf Graphic file (type pdf)
<use pdfs/seminar_ppt.pdf, page 12>
Package pdftex.def Info: pdfs/seminar_ppt.pdf , page12 used on input line 30.
(pdftex.def)             Requested size: 858.2014pt x 969.76752pt.


File: pdfs/seminar_ppt.pdf Graphic file (type pdf)
<use pdfs/seminar_ppt.pdf, page 12>
Package pdftex.def Info: pdfs/seminar_ppt.pdf , page12 used on input line 30.
(pdftex.def)             Requested size: 858.2014pt x 969.76752pt.
[62

 <./pdfs/seminar_ppt.pdf>]
File: pdfs/seminar_ppt.pdf Graphic file (type pdf)
<use pdfs/seminar_ppt.pdf>
Package pdftex.def Info: pdfs/seminar_ppt.pdf  used on input line 33.
(pdftex.def)             Requested size: 903.3728pt x 508.90001pt.
<pdfs/seminar_ppt.pdf, id=838, page=13, 903.375pt x 731.73375pt>
File: pdfs/seminar_ppt.pdf Graphic file (type pdf)
<use pdfs/seminar_ppt.pdf, page 13>
Package pdftex.def Info: pdfs/seminar_ppt.pdf , page13 used on input line 33.
(pdftex.def)             Requested size: 903.3728pt x 731.73196pt.
File: pdfs/seminar_ppt.pdf Graphic file (type pdf)
<use pdfs/seminar_ppt.pdf, page 13>
Package pdftex.def Info: pdfs/seminar_ppt.pdf , page13 used on input line 33.
(pdftex.def)             Requested size: 858.2014pt x 695.14313pt.
File: pdfs/seminar_ppt.pdf Graphic file (type pdf)
<use pdfs/seminar_ppt.pdf, page 13>
Package pdftex.def Info: pdfs/seminar_ppt.pdf , page13 used on input line 33.
(pdftex.def)             Requested size: 858.2014pt x 695.14313pt.
File: pdfs/seminar_ppt.pdf Graphic file (type pdf)
<use pdfs/seminar_ppt.pdf, page 13>
Package pdftex.def Info: pdfs/seminar_ppt.pdf , page13 used on input line 33.
(pdftex.def)             Requested size: 858.2014pt x 695.14313pt.
<pdfs/seminar_ppt.pdf, id=839, page=14, 903.375pt x 565.36218pt>
File: pdfs/seminar_ppt.pdf Graphic file (type pdf)
<use pdfs/seminar_ppt.pdf, page 14>
Package pdftex.def Info: pdfs/seminar_ppt.pdf , page14 used on input line 33.
(pdftex.def)             Requested size: 858.2014pt x 537.09102pt.
File: pdfs/seminar_ppt.pdf Graphic file (type pdf)
<use pdfs/seminar_ppt.pdf, page 14>
Package pdftex.def Info: pdfs/seminar_ppt.pdf , page14 used on input line 33.
(pdftex.def)             Requested size: 858.2014pt x 537.09102pt.


File: pdfs/seminar_ppt.pdf Graphic file (type pdf)
<use pdfs/seminar_ppt.pdf, page 13>
Package pdftex.def Info: pdfs/seminar_ppt.pdf , page13 used on input line 33.
(pdftex.def)             Requested size: 858.2014pt x 695.14313pt.
File: pdfs/seminar_ppt.pdf Graphic file (type pdf)
<use pdfs/seminar_ppt.pdf, page 14>
Package pdftex.def Info: pdfs/seminar_ppt.pdf , page14 used on input line 33.
(pdftex.def)             Requested size: 858.2014pt x 537.09102pt.
[63

 <./pdfs/seminar_ppt.pdf> <./pdfs/seminar_ppt.pdf>]
<pdfs/seminar_ppt.pdf, id=887, page=15, 903.375pt x 515.67656pt>
File: pdfs/seminar_ppt.pdf Graphic file (type pdf)
<use pdfs/seminar_ppt.pdf, page 15>
Package pdftex.def Info: pdfs/seminar_ppt.pdf , page15 used on input line 33.
(pdftex.def)             Requested size: 858.2014pt x 489.88995pt.
File: pdfs/seminar_ppt.pdf Graphic file (type pdf)
<use pdfs/seminar_ppt.pdf, page 15>
Package pdftex.def Info: pdfs/seminar_ppt.pdf , page15 used on input line 33.
(pdftex.def)             Requested size: 858.2014pt x 489.88995pt.
<pdfs/seminar_ppt.pdf, id=888, page=16, 903.375pt x 508.90125pt>
File: pdfs/seminar_ppt.pdf Graphic file (type pdf)
<use pdfs/seminar_ppt.pdf, page 16>
Package pdftex.def Info: pdfs/seminar_ppt.pdf , page16 used on input line 33.
(pdftex.def)             Requested size: 858.2014pt x 483.45345pt.
File: pdfs/seminar_ppt.pdf Graphic file (type pdf)
<use pdfs/seminar_ppt.pdf, page 16>
Package pdftex.def Info: pdfs/seminar_ppt.pdf , page16 used on input line 33.
(pdftex.def)             Requested size: 858.2014pt x 483.45345pt.


File: pdfs/seminar_ppt.pdf Graphic file (type pdf)
<use pdfs/seminar_ppt.pdf, page 15>
Package pdftex.def Info: pdfs/seminar_ppt.pdf , page15 used on input line 33.
(pdftex.def)             Requested size: 858.2014pt x 489.88995pt.
File: pdfs/seminar_ppt.pdf Graphic file (type pdf)
<use pdfs/seminar_ppt.pdf, page 16>
Package pdftex.def Info: pdfs/seminar_ppt.pdf , page16 used on input line 33.
(pdftex.def)             Requested size: 858.2014pt x 483.45345pt.
[64

 <./pdfs/seminar_ppt.pdf> <./pdfs/seminar_ppt.pdf>]) (chapter/appendixB.tex

[65

]
<images/base paper.png, id=961, 521.69907pt x 733.99219pt>
File: images/base paper.png Graphic file (type png)
<use images/base paper.png>
Package pdftex.def Info: images/base paper.png  used on input line 20.
(pdftex.def)             Requested size: 386.96027pt x 544.43369pt.


[66 <./images/base paper.png>]
<images/paper1.png, id=967, 505.13719pt x 684.30656pt>
File: images/paper1.png Graphic file (type png)
<use images/paper1.png>
Package pdftex.def Info: images/paper1.png  used on input line 32.
(pdftex.def)             Requested size: 386.96027pt x 524.22372pt.


[67 <./images/paper1.png>]
<images/paper2.png, id=972, 535.2497pt x 691.83469pt>
File: images/paper2.png Graphic file (type png)
<use images/paper2.png>
Package pdftex.def Info: images/paper2.png  used on input line 43.
(pdftex.def)             Requested size: 386.96027pt x 500.18967pt.


[68 <./images/paper2.png>]
<images/paper3.png, id=977, 570.63188pt x 709.14937pt>
File: images/paper3.png Graphic file (type png)
<use images/paper3.png>
Package pdftex.def Info: images/paper3.png  used on input line 55.
(pdftex.def)             Requested size: 386.96027pt x 480.89507pt.


[69 <./images/paper3.png>]
<images/paper4.png, id=982, 446.41782pt x 635.37375pt>
File: images/paper4.png Graphic file (type png)
<use images/paper4.png>
Package pdftex.def Info: images/paper4.png  used on input line 67.
(pdftex.def)             Requested size: 386.96027pt x 550.75414pt.
)

[70 <./images/paper4.png>] (chapter/appendixC.tex) (main.aux)
 ***********
LaTeX2e <2025-06-01> patch level 1
L3 programming layer <2025-09-02>
 ***********
 ) 
Here is how much of TeX's memory you used:
 5831 strings out of 468081
 93845 string characters out of 5425788
 511227 words of memory out of 5000000
 34383 multiletter control sequences out of 15000+600000
 637661 words of font info for 75 fonts, out of 8000000 for 9000
 1141 hyphenation exceptions out of 8191
 68i,19n,77p,1049b,472s stack positions out of 10000i,1000n,20000p,200000b,200000s
 <C:\Users\bless\AppData\Local\MiKTeX\fonts/pk/ljfour/jknappen/ec/dpi600\tcrm1095.pk><C:/Users/bless/AppData/Local/Programs/MiKTeX/fonts/type1/public/amsfonts/cm/cmbx10.pfb><C:/Users/bless/AppData/Local/Programs/MiKTeX/fonts/type1/public/amsfonts/cm/cmbx12.pfb><C:/Users/bless/AppData/Local/Programs/MiKTeX/fonts/type1/public/amsfonts/cm/cmcsc10.pfb><C:/Users/bless/AppData/Local/Programs/MiKTeX/fonts/type1/public/amsfonts/cm/cmex10.pfb><C:/Users/bless/AppData/Local/Programs/MiKTeX/fonts/type1/public/amsfonts/cm/cmmi10.pfb><C:/Users/bless/AppData/Local/Programs/MiKTeX/fonts/type1/public/amsfonts/cm/cmmi6.pfb><C:/Users/bless/AppData/Local/Programs/MiKTeX/fonts/type1/public/amsfonts/cm/cmmi8.pfb><C:/Users/bless/AppData/Local/Programs/MiKTeX/fonts/type1/public/amsfonts/cm/cmr10.pfb><C:/Users/bless/AppData/Local/Programs/MiKTeX/fonts/type1/public/amsfonts/cm/cmr12.pfb><C:/Users/bless/AppData/Local/Programs/MiKTeX/fonts/type1/public/amsfonts/cm/cmr6.pfb><C:/Users/bless/AppData/Local/Programs/MiKTeX/fonts/type1/public/amsfonts/cm/cmr8.pfb><C:/Users/bless/AppData/Local/Programs/MiKTeX/fonts/type1/public/amsfonts/cm/cmsy10.pfb><C:/Users/bless/AppData/Local/Programs/MiKTeX/fonts/type1/public/amsfonts/cm/cmsy8.pfb><C:/Users/bless/AppData/Local/Programs/MiKTeX/fonts/type1/public/amsfonts/cm/cmti10.pfb><C:/Users/bless/AppData/Local/Programs/MiKTeX/fonts/type1/public/amsfonts/cm/cmti12.pfb><C:/Users/bless/AppData/Local/Programs/MiKTeX/fonts/type1/public/amsfonts/symbols/msbm10.pfb>
Output written on main.pdf (71 pages, 3881728 bytes).
PDF statistics:
 1062 PDF objects out of 1200 (max. 8388607)
 0 named destinations out of 1000 (max. 500000)
 211 words of extra memory for PDF output out of 10000 (max. 10000000)

